This is pdfTeX, Version 3.141592653-2.6-1.40.28 (TeX Live 2025) (preloaded format=pdflatex 2026.2.28)  11 JUN 2026 14:13
entering extended mode
 restricted \write18 enabled.
 %&-line parsing enabled.
**"D:/DS-AI/Data Visualization _ Capstone Project/main.tex"
(d:/DS-AI/Data Visualization _ Capstone Project/main.tex
LaTeX2e <2025-11-01>
L3 programming layer <2026-01-19>
(d:/dev/texlive/2025/texmf-dist/tex/latex/base/article.cls
Document Class: article 2025/01/22 v1.4n Standard LaTeX document class
(d:/dev/texlive/2025/texmf-dist/tex/latex/base/size12.clo
File: size12.clo 2025/01/22 v1.4n Standard LaTeX file (size option)
)
\c@part=\count275
\c@section=\count276
\c@subsection=\count277
\c@subsubsection=\count278
\c@paragraph=\count279
\c@subparagraph=\count280
\c@figure=\count281
\c@table=\count282
\abovecaptionskip=\skip49
\belowcaptionskip=\skip50
\bibindent=\dimen148
)
(d:/dev/texlive/2025/texmf-dist/tex/latex/geometry/geometry.sty
Package: geometry 2020/01/02 v5.9 Page Geometry

(d:/dev/texlive/2025/texmf-dist/tex/latex/graphics/keyval.sty
Package: keyval 2022/05/29 v1.15 key=value parser (DPC)
\KV@toks@=\toks17
)
(d:/dev/texlive/2025/texmf-dist/tex/generic/iftex/ifvtex.sty
Package: ifvtex 2019/10/25 v1.7 ifvtex legacy package. Use iftex instead.

(d:/dev/texlive/2025/texmf-dist/tex/generic/iftex/iftex.sty
Package: iftex 2024/12/12 v1.0g TeX engine tests
))
\Gm@cnth=\count283
\Gm@cntv=\count284
\c@Gm@tempcnt=\count285
\Gm@bindingoffset=\dimen149
\Gm@wd@mp=\dimen150
\Gm@odd@mp=\dimen151
\Gm@even@mp=\dimen152
\Gm@layoutwidth=\dimen153
\Gm@layoutheight=\dimen154
\Gm@layouthoffset=\dimen155
\Gm@layoutvoffset=\dimen156
\Gm@dimlist=\toks18
)
(d:/dev/texlive/2025/texmf-dist/tex/latex/setspace/setspace.sty
Package: setspace 2022/12/04 v6.7b set line spacing
)
(d:/dev/texlive/2025/texmf-dist/tex/latex/base/fontenc.sty
Package: fontenc 2025/07/18 v2.1d Standard LaTeX package
)
(d:/dev/texlive/2025/texmf-dist/tex/latex/base/inputenc.sty
Package: inputenc 2024/02/08 v1.3d Input encoding file
\inpenc@prehook=\toks19
\inpenc@posthook=\toks20
)
(d:/dev/texlive/2025/texmf-dist/tex/generic/babel/babel.sty
Package: babel 2026/02/14 v26.3 The multilingual framework for LuaLaTeX, pdfLaT
eX and XeLaTeX
\babel@savecnt=\count286
LaTeX Encoding Info:    Redeclaring text command \ij (encoding OT1) on input li
ne 2078.
LaTeX Encoding Info:    Redeclaring text command \IJ (encoding OT1) on input li
ne 2080.
LaTeX Encoding Info:    Redeclaring text command \ij (encoding T1) on input lin
e 2082.
LaTeX Encoding Info:    Redeclaring text command \IJ (encoding T1) on input lin
e 2083.
LaTeX Encoding Info:    Ignoring declaration for text command \ij (encoding ?) 
on input line 2084.
LaTeX Encoding Info:    Ignoring declaration for text command \IJ (encoding ?) 
on input line 2086.
LaTeX Encoding Info:    Ignoring declaration for text command \SS (encoding ?) 
on input line 2111.
\U@D=\dimen157
\l@unhyphenated=\language90

(d:/dev/texlive/2025/texmf-dist/tex/generic/babel/txtbabel.def)
\bbl@readstream=\read2
\bbl@dirlevel=\count287

(d:/dev/texlive/2025/texmf-dist/tex/generic/babel/locale/en/babel-english.tex)
Package babel Info: Importing font and identification data for english
(babel)             from babel-en.ini. Reported on input line 4330.

(d:/dev/texlive/2025/texmf-dist/tex/generic/babel-english/english.ldf
Language: english 2017/06/06 v3.3r English support from the babel system
Package babel Info: Hyphen rules for 'canadian' set to \l@english
(babel)             (\language0). Reported on input line 102.
Package babel Info: Hyphen rules for 'australian' set to \l@ukenglish
(babel)             (\language22). Reported on input line 105.
Package babel Info: Hyphen rules for 'newzealand' set to \l@ukenglish
(babel)             (\language22). Reported on input line 108.
))
(d:/dev/texlive/2025/texmf-dist/tex/latex/amsmath/amsmath.sty
Package: amsmath 2025/07/09 v2.17z AMS math features
\@mathmargin=\skip51

For additional information on amsmath, use the `?' option.
(d:/dev/texlive/2025/texmf-dist/tex/latex/amsmath/amstext.sty
Package: amstext 2024/11/17 v2.01 AMS text

(d:/dev/texlive/2025/texmf-dist/tex/latex/amsmath/amsgen.sty
File: amsgen.sty 1999/11/30 v2.0 generic functions
\@emptytoks=\toks21
\ex@=\dimen158
))
(d:/dev/texlive/2025/texmf-dist/tex/latex/amsmath/amsbsy.sty
Package: amsbsy 1999/11/29 v1.2d Bold Symbols
\pmbraise@=\dimen159
)
(d:/dev/texlive/2025/texmf-dist/tex/latex/amsmath/amsopn.sty
Package: amsopn 2022/04/08 v2.04 operator names
)
\inf@bad=\count288
LaTeX Info: Redefining \frac on input line 233.
\uproot@=\count289
\leftroot@=\count290
LaTeX Info: Redefining \overline on input line 398.
LaTeX Info: Redefining \colon on input line 409.
\classnum@=\count291
\DOTSCASE@=\count292
LaTeX Info: Redefining \ldots on input line 495.
LaTeX Info: Redefining \dots on input line 498.
LaTeX Info: Redefining \cdots on input line 619.
\Mathstrutbox@=\box53
\strutbox@=\box54
LaTeX Info: Redefining \big on input line 721.
LaTeX Info: Redefining \Big on input line 722.
LaTeX Info: Redefining \bigg on input line 723.
LaTeX Info: Redefining \Bigg on input line 724.
\big@size=\dimen160
LaTeX Font Info:    Redeclaring font encoding OML on input line 742.
LaTeX Font Info:    Redeclaring font encoding OMS on input line 743.
\macc@depth=\count293
LaTeX Info: Redefining \bmod on input line 904.
LaTeX Info: Redefining \pmod on input line 909.
LaTeX Info: Redefining \smash on input line 939.
LaTeX Info: Redefining \relbar on input line 969.
LaTeX Info: Redefining \Relbar on input line 970.
\c@MaxMatrixCols=\count294
\dotsspace@=\muskip17
\c@parentequation=\count295
\dspbrk@lvl=\count296
\tag@help=\toks22
\row@=\count297
\column@=\count298
\maxfields@=\count299
\andhelp@=\toks23
\eqnshift@=\dimen161
\alignsep@=\dimen162
\tagshift@=\dimen163
\tagwidth@=\dimen164
\totwidth@=\dimen165
\lineht@=\dimen166
\@envbody=\toks24
\multlinegap=\skip52
\multlinetaggap=\skip53
\mathdisplay@stack=\toks25
LaTeX Info: Redefining \[ on input line 2950.
LaTeX Info: Redefining \] on input line 2951.
)
(d:/dev/texlive/2025/texmf-dist/tex/latex/amsfonts/amssymb.sty
Package: amssymb 2013/01/14 v3.01 AMS font symbols

(d:/dev/texlive/2025/texmf-dist/tex/latex/amsfonts/amsfonts.sty
Package: amsfonts 2013/01/14 v3.01 Basic AMSFonts support
\symAMSa=\mathgroup4
\symAMSb=\mathgroup5
LaTeX Font Info:    Redeclaring math symbol \hbar on input line 98.
LaTeX Font Info:    Overwriting math alphabet `\mathfrak' in version `bold'
(Font)                  U/euf/m/n --> U/euf/b/n on input line 106.
))
(d:/dev/texlive/2025/texmf-dist/tex/latex/graphics/graphicx.sty
Package: graphicx 2024/12/31 v1.2e Enhanced LaTeX Graphics (DPC,SPQR)

(d:/dev/texlive/2025/texmf-dist/tex/latex/graphics/graphics.sty
Package: graphics 2024/08/06 v1.4g Standard LaTeX Graphics (DPC,SPQR)

(d:/dev/texlive/2025/texmf-dist/tex/latex/graphics/trig.sty
Package: trig 2023/12/02 v1.11 sin cos tan (DPC)
)
(d:/dev/texlive/2025/texmf-dist/tex/latex/graphics-cfg/graphics.cfg
File: graphics.cfg 2016/06/04 v1.11 sample graphics configuration
)
Package graphics Info: Driver file: pdftex.def on input line 106.

(d:/dev/texlive/2025/texmf-dist/tex/latex/graphics-def/pdftex.def
File: pdftex.def 2025/09/29 v1.2d Graphics/color driver for pdftex
))
\Gin@req@height=\dimen167
\Gin@req@width=\dimen168
)
(d:/dev/texlive/2025/texmf-dist/tex/latex/float/float.sty
Package: float 2001/11/08 v1.3d Float enhancements (AL)
\c@float@type=\count300
\float@exts=\toks26
\float@box=\box55
\@float@everytoks=\toks27
\@floatcapt=\box56
)
(d:/dev/texlive/2025/texmf-dist/tex/latex/booktabs/booktabs.sty
Package: booktabs 2020/01/12 v1.61803398 Publication quality tables
\heavyrulewidth=\dimen169
\lightrulewidth=\dimen170
\cmidrulewidth=\dimen171
\belowrulesep=\dimen172
\belowbottomsep=\dimen173
\aboverulesep=\dimen174
\abovetopsep=\dimen175
\cmidrulesep=\dimen176
\cmidrulekern=\dimen177
\defaultaddspace=\dimen178
\@cmidla=\count301
\@cmidlb=\count302
\@aboverulesep=\dimen179
\@belowrulesep=\dimen180
\@thisruleclass=\count303
\@lastruleclass=\count304
\@thisrulewidth=\dimen181
)
(d:/dev/texlive/2025/texmf-dist/tex/latex/tools/array.sty
Package: array 2025/09/25 v2.6n Tabular extension package (FMi)
\col@sep=\dimen182
\ar@mcellbox=\box57
\extrarowheight=\dimen183
\NC@list=\toks28
\extratabsurround=\skip54
\backup@length=\skip55
\ar@cellbox=\box58
)
(d:/dev/texlive/2025/texmf-dist/tex/latex/tools/tabularx.sty
Package: tabularx 2023/12/11 v2.12a `tabularx' package (DPC)
\TX@col@width=\dimen184
\TX@old@table=\dimen185
\TX@old@col=\dimen186
\TX@target=\dimen187
\TX@delta=\dimen188
\TX@cols=\count305
\TX@ftn=\toks29
)
(d:/dev/texlive/2025/texmf-dist/tex/latex/tools/longtable.sty
Package: longtable 2025-10-13 v4.24 Multi-page Table package (DPC)
\LTleft=\skip56
\LTright=\skip57
\LTpre=\skip58
\LTpost=\skip59
\LTchunksize=\count306
\LTcapwidth=\dimen189
\LT@head=\box59
\LT@firsthead=\box60
\LT@foot=\box61
\LT@lastfoot=\box62
\LT@gbox=\box63
\LT@cols=\count307
\LT@rows=\count308
\c@LT@tables=\count309
\c@LT@chunks=\count310
\LT@p@ftn=\toks30
)
(d:/dev/texlive/2025/texmf-dist/tex/latex/multirow/multirow.sty
Package: multirow 2024/11/12 v2.9 Span multiple rows of a table
\multirow@colwidth=\skip60
\multirow@cntb=\count311
\multirow@dima=\skip61
\bigstrutjot=\dimen190
)
(d:/dev/texlive/2025/texmf-dist/tex/latex/caption/caption.sty
Package: caption 2023/08/05 v3.6o Customizing captions (AR)

(d:/dev/texlive/2025/texmf-dist/tex/latex/caption/caption3.sty
Package: caption3 2023/07/31 v2.4d caption3 kernel (AR)
\caption@tempdima=\dimen191
\captionmargin=\dimen192
\caption@leftmargin=\dimen193
\caption@rightmargin=\dimen194
\caption@width=\dimen195
\caption@indent=\dimen196
\caption@parindent=\dimen197
\caption@hangindent=\dimen198
Package caption Info: Standard document class detected.
)
\c@caption@flags=\count312
\c@continuedfloat=\count313
Package caption Info: float package is loaded.
Package caption Info: longtable package is loaded.

(d:/dev/texlive/2025/texmf-dist/tex/latex/caption/ltcaption.sty
Package: ltcaption 2021/01/08 v1.4c longtable captions (AR)
))
(d:/dev/texlive/2025/texmf-dist/tex/latex/caption/subcaption.sty
Package: subcaption 2023/07/28 v1.6b Sub-captions (AR)
Package caption Info: New subtype `subfigure' on input line 238.
\c@subfigure=\count314
Package caption Info: New subtype `subtable' on input line 238.
\c@subtable=\count315
)
(d:/dev/texlive/2025/texmf-dist/tex/latex/enumitem/enumitem.sty
Package: enumitem 2025/02/06 v3.11 Customized lists
\labelindent=\skip62
\enit@outerparindent=\dimen199
\enit@toks=\toks31
\enit@inbox=\box64
\enit@count@id=\count316
\enitdp@description=\count317
)
(d:/dev/texlive/2025/texmf-dist/tex/latex/xcolor/xcolor.sty
Package: xcolor 2024/09/29 v3.02 LaTeX color extensions (UK)

(d:/dev/texlive/2025/texmf-dist/tex/latex/graphics-cfg/color.cfg
File: color.cfg 2016/01/02 v1.6 sample color configuration
)
Package xcolor Info: Driver file: pdftex.def on input line 274.

(d:/dev/texlive/2025/texmf-dist/tex/latex/graphics/mathcolor.ltx)
Package xcolor Info: Model `cmy' substituted by `cmy0' on input line 1349.
Package xcolor Info: Model `hsb' substituted by `rgb' on input line 1353.
Package xcolor Info: Model `RGB' extended on input line 1365.
Package xcolor Info: Model `HTML' substituted by `rgb' on input line 1367.
Package xcolor Info: Model `Hsb' substituted by `hsb' on input line 1368.
Package xcolor Info: Model `tHsb' substituted by `hsb' on input line 1369.
Package xcolor Info: Model `HSB' substituted by `hsb' on input line 1370.
Package xcolor Info: Model `Gray' substituted by `gray' on input line 1371.
Package xcolor Info: Model `wave' substituted by `hsb' on input line 1372.
)
(d:/dev/texlive/2025/texmf-dist/tex/latex/microtype/microtype.sty
Package: microtype 2026/02/26 v3.2c Micro-typographical refinements (RS)

(d:/dev/texlive/2025/texmf-dist/tex/latex/etoolbox/etoolbox.sty
Package: etoolbox 2025/10/02 v2.5m e-TeX tools for LaTeX (JAW)
\etb@tempcnta=\count318
)
\MT@toks=\toks32
\MT@tempbox=\box65
\MT@count=\count319
LaTeX Info: Redefining \noprotrusionifhmode on input line 1084.
LaTeX Info: Redefining \leftprotrusion on input line 1085.
\MT@prot@toks=\toks33
LaTeX Info: Redefining \rightprotrusion on input line 1104.
LaTeX Info: Redefining \textls on input line 1449.
\MT@outer@kern=\dimen256
LaTeX Info: Redefining \microtypecontext on input line 2053.
LaTeX Info: Redefining \textmicrotypecontext on input line 2070.
\MT@listname@count=\count320

(d:/dev/texlive/2025/texmf-dist/tex/latex/microtype/microtype-pdftex.def
File: microtype-pdftex.def 2026/02/26 v3.2c Definitions specific to pdftex (RS)

LaTeX Info: Redefining \lsstyle on input line 944.
LaTeX Info: Redefining \lslig on input line 944.
\MT@outer@space=\skip63
)
Package microtype Info: Loading configuration file microtype.cfg.

(d:/dev/texlive/2025/texmf-dist/tex/latex/microtype/microtype.cfg
File: microtype.cfg 2026/02/26 v3.2c microtype main configuration file (RS)
)
LaTeX Info: Redefining \microtypesetup on input line 3065.
)
(d:/dev/texlive/2025/texmf-dist/tex/latex/subfiles/subfiles.sty
Package: subfiles 2020/11/14 v2.2 Multi-file projects (package)

(d:/dev/texlive/2025/texmf-dist/tex/latex/import/import.sty
Package: import 2020/04/01  v 6.2
))
(d:/dev/texlive/2025/texmf-dist/tex/latex/hyperref/hyperref.sty
Package: hyperref 2026-01-29 v7.01p Hypertext links for LaTeX

(d:/dev/texlive/2025/texmf-dist/tex/latex/kvsetkeys/kvsetkeys.sty
Package: kvsetkeys 2022-10-05 v1.19 Key value parser (HO)
)
(d:/dev/texlive/2025/texmf-dist/tex/generic/kvdefinekeys/kvdefinekeys.sty
Package: kvdefinekeys 2019-12-19 v1.6 Define keys (HO)
)
(d:/dev/texlive/2025/texmf-dist/tex/generic/pdfescape/pdfescape.sty
Package: pdfescape 2019/12/09 v1.15 Implements pdfTeX's escape features (HO)

(d:/dev/texlive/2025/texmf-dist/tex/generic/ltxcmds/ltxcmds.sty
Package: ltxcmds 2023-12-04 v1.26 LaTeX kernel commands for general use (HO)
)
(d:/dev/texlive/2025/texmf-dist/tex/generic/pdftexcmds/pdftexcmds.sty
Package: pdftexcmds 2020-06-27 v0.33 Utility functions of pdfTeX for LuaTeX (HO
)

(d:/dev/texlive/2025/texmf-dist/tex/generic/infwarerr/infwarerr.sty
Package: infwarerr 2019/12/03 v1.5 Providing info/warning/error messages (HO)
)
Package pdftexcmds Info: \pdf@primitive is available.
Package pdftexcmds Info: \pdf@ifprimitive is available.
Package pdftexcmds Info: \pdfdraftmode found.
))
(d:/dev/texlive/2025/texmf-dist/tex/latex/hycolor/hycolor.sty
Package: hycolor 2020-01-27 v1.10 Color options for hyperref/bookmark (HO)
)
(d:/dev/texlive/2025/texmf-dist/tex/latex/hyperref/nameref.sty
Package: nameref 2026-01-29 v2.58 Cross-referencing by name of section

(d:/dev/texlive/2025/texmf-dist/tex/latex/refcount/refcount.sty
Package: refcount 2019/12/15 v3.6 Data extraction from label references (HO)
)
(d:/dev/texlive/2025/texmf-dist/tex/generic/gettitlestring/gettitlestring.sty
Package: gettitlestring 2019/12/15 v1.6 Cleanup title references (HO)

(d:/dev/texlive/2025/texmf-dist/tex/latex/kvoptions/kvoptions.sty
Package: kvoptions 2022-06-15 v3.15 Key value format for package options (HO)
))
\c@section@level=\count321
)
(d:/dev/texlive/2025/texmf-dist/tex/generic/stringenc/stringenc.sty
Package: stringenc 2019/11/29 v1.12 Convert strings between diff. encodings (HO
)
)
\@linkdim=\dimen257
\Hy@linkcounter=\count322
\Hy@pagecounter=\count323

(d:/dev/texlive/2025/texmf-dist/tex/latex/hyperref/pd1enc.def
File: pd1enc.def 2026-01-29 v7.01p Hyperref: PDFDocEncoding definition (HO)
Now handling font encoding PD1 ...
... no UTF-8 mapping file for font encoding PD1
)
(d:/dev/texlive/2025/texmf-dist/tex/generic/intcalc/intcalc.sty
Package: intcalc 2019/12/15 v1.3 Expandable calculations with integers (HO)
)
\Hy@SavedSpaceFactor=\count324

(d:/dev/texlive/2025/texmf-dist/tex/latex/hyperref/puenc.def
File: puenc.def 2026-01-29 v7.01p Hyperref: PDF Unicode definition (HO)
Now handling font encoding PU ...
... no UTF-8 mapping file for font encoding PU
)
Package hyperref Info: Hyper figures OFF on input line 4201.
Package hyperref Info: Link nesting OFF on input line 4206.
Package hyperref Info: Hyper index ON on input line 4209.
Package hyperref Info: Plain pages OFF on input line 4216.
Package hyperref Info: Backreferencing OFF on input line 4221.
Package hyperref Info: Implicit mode ON; LaTeX internals redefined.
Package hyperref Info: Bookmarks ON on input line 4468.
\c@Hy@tempcnt=\count325

(d:/dev/texlive/2025/texmf-dist/tex/latex/url/url.sty
\Urlmuskip=\muskip18
Package: url 2013/09/16  ver 3.4  Verb mode for urls, etc.
)
LaTeX Info: Redefining \url on input line 4807.
\XeTeXLinkMargin=\dimen258

(d:/dev/texlive/2025/texmf-dist/tex/generic/bitset/bitset.sty
Package: bitset 2019/12/09 v1.3 Handle bit-vector datatype (HO)

(d:/dev/texlive/2025/texmf-dist/tex/generic/bigintcalc/bigintcalc.sty
Package: bigintcalc 2019/12/15 v1.5 Expandable calculations on big integers (HO
)
))
\Fld@menulength=\count326
\Field@Width=\dimen259
\Fld@charsize=\dimen260
Package hyperref Info: Hyper figures OFF on input line 6084.
Package hyperref Info: Link nesting OFF on input line 6089.
Package hyperref Info: Hyper index ON on input line 6092.
Package hyperref Info: backreferencing OFF on input line 6099.
Package hyperref Info: Link coloring OFF on input line 6104.
Package hyperref Info: Link coloring with OCG OFF on input line 6109.
Package hyperref Info: PDF/A mode OFF on input line 6114.
\Hy@abspage=\count327
\c@Item=\count328
\c@Hfootnote=\count329
)
Package hyperref Info: Driver (autodetected): hpdftex.

(d:/dev/texlive/2025/texmf-dist/tex/latex/hyperref/hpdftex.def
File: hpdftex.def 2026-01-29 v7.01p Hyperref driver for pdfTeX
\Fld@listcount=\count330
\c@bookmark@seq@number=\count331

(d:/dev/texlive/2025/texmf-dist/tex/latex/rerunfilecheck/rerunfilecheck.sty
Package: rerunfilecheck 2025-06-21 v1.11 Rerun checks for auxiliary files (HO)

(d:/dev/texlive/2025/texmf-dist/tex/generic/uniquecounter/uniquecounter.sty
Package: uniquecounter 2019/12/15 v1.4 Provide unlimited unique counter (HO)
)
Package uniquecounter Info: New unique counter `rerunfilecheck' on input line 2
84.
)
\Hy@SectionHShift=\skip64
)
(d:/dev/texlive/2025/texmf-dist/tex/latex/csquotes/csquotes.sty
Package: csquotes 2024-04-04 v5.2o context-sensitive quotations (JAW)
\csq@reset=\count332
\csq@gtype=\count333
\csq@glevel=\count334
\csq@qlevel=\count335
\csq@maxlvl=\count336
\csq@tshold=\count337
\csq@ltx@everypar=\toks34

(d:/dev/texlive/2025/texmf-dist/tex/latex/csquotes/csquotes.def
File: csquotes.def 2024-04-04 v5.2o csquotes generic definitions (JAW)
)
Package csquotes Info: Trying to load configuration file 'csquotes.cfg'...
Package csquotes Info: ... configuration file loaded successfully.

(d:/dev/texlive/2025/texmf-dist/tex/latex/csquotes/csquotes.cfg
File: csquotes.cfg 
))
(d:/dev/texlive/2025/texmf-dist/tex/latex/biblatex/biblatex.sty
Package: biblatex 2025/07/10 v3.21 programmable bibliographies (PK/MW)

(d:/dev/texlive/2025/texmf-dist/tex/latex/logreq/logreq.sty
Package: logreq 2010/08/04 v1.0 xml request logger
\lrq@indent=\count338

(d:/dev/texlive/2025/texmf-dist/tex/latex/logreq/logreq.def
File: logreq.def 2010/08/04 v1.0 logreq spec v1.0
))
(d:/dev/texlive/2025/texmf-dist/tex/latex/base/ifthen.sty
Package: ifthen 2024/03/16 v1.1e Standard LaTeX ifthen package (DPC)
)
\c@tabx@nest=\count339
\c@listtotal=\count340
\c@listcount=\count341
\c@liststart=\count342
\c@liststop=\count343
\c@citecount=\count344
\c@citetotal=\count345
\c@multicitecount=\count346
\c@multicitetotal=\count347
\c@instcount=\count348
\c@maxnames=\count349
\c@minnames=\count350
\c@maxitems=\count351
\c@minitems=\count352
\c@citecounter=\count353
\c@maxcitecounter=\count354
\c@savedcitecounter=\count355
\c@uniquelist=\count356
\c@uniquename=\count357
\c@refsection=\count358
\c@refsegment=\count359
\c@maxextratitle=\count360
\c@maxextratitleyear=\count361
\c@maxextraname=\count362
\c@maxextradate=\count363
\c@maxextraalpha=\count364
\c@abbrvpenalty=\count365
\c@highnamepenalty=\count366
\c@lownamepenalty=\count367
\c@maxparens=\count368
\c@parenlevel=\count369
\blx@tempcnta=\count370
\blx@tempcntb=\count371
\blx@tempcntc=\count372
\c@blx@maxsection=\count373
\blx@maxsegment@0=\count374
\blx@notetype=\count375
\blx@parenlevel@text=\count376
\blx@parenlevel@foot=\count377
\blx@sectionciteorder@0=\count378
\blx@sectionciteorderinternal@0=\count379
\blx@entrysetcounter=\count380
\blx@biblioinstance=\count381
\labelnumberwidth=\skip65
\labelalphawidth=\skip66
\biblabelsep=\skip67
\bibitemsep=\skip68
\bibnamesep=\skip69
\bibinitsep=\skip70
\bibparsep=\skip71
\bibhang=\skip72
\blx@bcfin=\read3
\blx@bcfout=\write3
\blx@langwohyphens=\language91
\c@mincomprange=\count382
\c@maxcomprange=\count383
\c@mincompwidth=\count384
Package biblatex Info: Trying to load biblatex default data model...
Package biblatex Info: ... file 'blx-dm.def' found.

(d:/dev/texlive/2025/texmf-dist/tex/latex/biblatex/blx-dm.def
File: blx-dm.def 2025/07/10 v3.21 biblatex datamodel (PK/MW)
)
Package biblatex Info: Trying to load biblatex style data model...
Package biblatex Info: ... file 'apa.dbx' found.

(d:/dev/texlive/2025/texmf-dist/tex/latex/biblatex-apa/apa.dbx
File: apa.dbx 2025/08/27 v9.20 APA biblatex style data model
)
Package biblatex Info: Trying to load biblatex custom data model...
Package biblatex Info: ... file 'biblatex-dm.cfg' not found.
\c@afterword=\count385
\c@savedafterword=\count386
\c@annotator=\count387
\c@savedannotator=\count388
\c@author=\count389
\c@savedauthor=\count390
\c@bookauthor=\count391
\c@savedbookauthor=\count392
\c@commentator=\count393
\c@savedcommentator=\count394
\c@editor=\count395
\c@savededitor=\count396
\c@editora=\count397
\c@savededitora=\count398
\c@editorb=\count399
\c@savededitorb=\count400
\c@editorc=\count401
\c@savededitorc=\count402
\c@foreword=\count403
\c@savedforeword=\count404
\c@holder=\count405
\c@savedholder=\count406
\c@introduction=\count407
\c@savedintroduction=\count408
\c@namea=\count409
\c@savednamea=\count410
\c@nameb=\count411
\c@savednameb=\count412
\c@namec=\count413
\c@savednamec=\count414
\c@translator=\count415
\c@savedtranslator=\count416
\c@shortauthor=\count417
\c@savedshortauthor=\count418
\c@shorteditor=\count419
\c@savedshorteditor=\count420
\c@narrator=\count421
\c@savednarrator=\count422
\c@execproducer=\count423
\c@savedexecproducer=\count424
\c@execdirector=\count425
\c@savedexecdirector=\count426
\c@with=\count427
\c@savedwith=\count428
\c@labelname=\count429
\c@savedlabelname=\count430
\c@institution=\count431
\c@savedinstitution=\count432
\c@lista=\count433
\c@savedlista=\count434
\c@listb=\count435
\c@savedlistb=\count436
\c@listc=\count437
\c@savedlistc=\count438
\c@listd=\count439
\c@savedlistd=\count440
\c@liste=\count441
\c@savedliste=\count442
\c@listf=\count443
\c@savedlistf=\count444
\c@location=\count445
\c@savedlocation=\count446
\c@organization=\count447
\c@savedorganization=\count448
\c@origlocation=\count449
\c@savedoriglocation=\count450
\c@origpublisher=\count451
\c@savedorigpublisher=\count452
\c@publisher=\count453
\c@savedpublisher=\count454
\c@language=\count455
\c@savedlanguage=\count456
\c@origlanguage=\count457
\c@savedoriglanguage=\count458
\c@citation=\count459
\c@savedcitation=\count460
\c@pageref=\count461
\c@savedpageref=\count462
\shorthandwidth=\skip73
\shortjournalwidth=\skip74
\shortserieswidth=\skip75
\shorttitlewidth=\skip76
\shortauthorwidth=\skip77
\shorteditorwidth=\skip78
\locallabelnumberwidth=\skip79
\locallabelalphawidth=\skip80
\localshorthandwidth=\skip81
\localshortjournalwidth=\skip82
\localshortserieswidth=\skip83
\localshorttitlewidth=\skip84
\localshortauthorwidth=\skip85
\localshorteditorwidth=\skip86
Package biblatex Info: Trying to load compatibility code...
Package biblatex Info: ... file 'blx-compat.def' found.

(d:/dev/texlive/2025/texmf-dist/tex/latex/biblatex/blx-compat.def
File: blx-compat.def 2025/07/10 v3.21 biblatex compatibility (PK/MW)
)
Package biblatex Info: Trying to load generic definitions...
Package biblatex Info: ... file 'biblatex.def' found.

(d:/dev/texlive/2025/texmf-dist/tex/latex/biblatex/biblatex.def
File: biblatex.def 2025/07/10 v3.21 biblatex compatibility (PK/MW)
\c@textcitecount=\count463
\c@textcitetotal=\count464
\c@textcitemaxnames=\count465
\c@biburlbigbreakpenalty=\count466
\c@biburlbreakpenalty=\count467
\c@biburlnumpenalty=\count468
\c@biburlucpenalty=\count469
\c@biburllcpenalty=\count470
\biburlbigskip=\muskip19
\biburlnumskip=\muskip20
\biburlucskip=\muskip21
\biburllcskip=\muskip22
\c@smartand=\count471
)
Package biblatex Info: Trying to load bibliography style 'apa'...
Package biblatex Info: ... file 'apa.bbx' found.

(d:/dev/texlive/2025/texmf-dist/tex/latex/biblatex-apa/apa.bbx
File: apa.bbx 2025/08/27 v9.20 APA biblatex references style
Package biblatex Info: Trying to load bibliography style 'standard'...
Package biblatex Info: ... file 'standard.bbx' found.

(d:/dev/texlive/2025/texmf-dist/tex/latex/biblatex/bbx/standard.bbx
File: standard.bbx 2025/07/10 v3.21 biblatex bibliography style (PK/MW)
\c@bbx:relatedcount=\count472
\c@bbx:relatedtotal=\count473
)
Package biblatex Info: Delimiter 'nameyeardelim' in context 'bib' already defin
ed, overwriting.
Package biblatex Info: Delimiter 'nameyeardelim' in context 'biblist' already d
efined, overwriting.
Package biblatex Info: Delimiter 'nonameyeardelim' in context 'bib' already def
ined, overwriting.
Package biblatex Info: Delimiter 'nonameyeardelim' in context 'biblist' already
 defined, overwriting.
)
Package biblatex Info: Trying to load citation style 'apa'...
Package biblatex Info: ... file 'apa.cbx' found.

(d:/dev/texlive/2025/texmf-dist/tex/latex/biblatex-apa/apa.cbx
File: apa.cbx 2025/08/27 v9.20 APA biblatex citation style
Package biblatex Info: Delimiter 'nameyeardelim' in context '' already defined,
 overwriting.
Package biblatex Info: Delimiter 'andothersdelim' in context '' already defined
, overwriting.
Package biblatex Info: Redefining '\fullcite'.
Package biblatex Info: Redefining '\citeauthor'.
Package biblatex Info: Redefining '\citeyear'.
Package biblatex Info: Redefining '\cite'.
Package biblatex Info: Redefining '\cites'.
Package biblatex Info: Redefining '\parencite'.
Package biblatex Info: Redefining '\parencites'.
Package biblatex Info: Redefining '\footcite'.
Package biblatex Info: Redefining '\footcites'.
Package biblatex Info: Redefining '\footcitetext'.
Package biblatex Info: Redefining '\footcitetexts'.
Package biblatex Info: Redefining '\smartcite'.
Package biblatex Info: Redefining '\smartcites'.
Package biblatex Info: Redefining '\textcite'.
Package biblatex Info: Redefining '\textcites'.
)
Package biblatex Info: Trying to load configuration file...
Package biblatex Info: ... file 'biblatex.cfg' found.

(d:/dev/texlive/2025/texmf-dist/tex/latex/biblatex/biblatex.cfg
File: biblatex.cfg 
)
Package biblatex Info: Input encoding 'utf8' detected.
Package biblatex Info: Document encoding is UTF8 ....

(d:/dev/texlive/2025/texmf-dist/tex/latex/l3kernel/expl3.sty
Package: expl3 2026-01-19 L3 programming layer (loader) 

(d:/dev/texlive/2025/texmf-dist/tex/latex/l3backend/l3backend-pdftex.def
File: l3backend-pdftex.def 2025-10-09 L3 backend support: PDF output (pdfTeX)
\l__color_backend_stack_int=\count474
))
Package biblatex Info: ... and expl3
(biblatex)             2026-01-19 L3 programming layer (loader) 
(biblatex)             is new enough (at least 2020/04/06),
(biblatex)             setting 'casechanger=expl3'.

(d:/dev/texlive/2025/texmf-dist/tex/latex/biblatex/blx-case-expl3.sty
(d:/dev/texlive/2025/texmf-dist/tex/latex/l3packages/xparse/xparse.sty
Package: xparse 2025-10-09 L3 Experimental document command parser
)
Package: blx-case-expl3 2025/07/10 v3.21 expl3 case changing code for biblatex
))
Package csquotes Info: Checking for multilingual support...
Package csquotes Info: ... found 'babel' package.
Package csquotes Info: Adjusting default style.
Package csquotes Info: Redefining alias 'default' -> 'english'.

(./main.aux)
\openout1 = `main.aux'.

LaTeX Font Info:    Checking defaults for OML/cmm/m/it on input line 104.
LaTeX Font Info:    ... okay on input line 104.
LaTeX Font Info:    Checking defaults for OMS/cmsy/m/n on input line 104.
LaTeX Font Info:    ... okay on input line 104.
LaTeX Font Info:    Checking defaults for OT1/cmr/m/n on input line 104.
LaTeX Font Info:    ... okay on input line 104.
LaTeX Font Info:    Checking defaults for T1/cmr/m/n on input line 104.
LaTeX Font Info:    ... okay on input line 104.
LaTeX Font Info:    Checking defaults for TS1/cmr/m/n on input line 104.
LaTeX Font Info:    ... okay on input line 104.
LaTeX Font Info:    Checking defaults for OMX/cmex/m/n on input line 104.
LaTeX Font Info:    ... okay on input line 104.
LaTeX Font Info:    Checking defaults for U/cmr/m/n on input line 104.
LaTeX Font Info:    ... okay on input line 104.
LaTeX Font Info:    Checking defaults for PD1/pdf/m/n on input line 104.
LaTeX Font Info:    ... okay on input line 104.
LaTeX Font Info:    Checking defaults for PU/pdf/m/n on input line 104.
LaTeX Font Info:    ... okay on input line 104.

*geometry* driver: auto-detecting
*geometry* detected driver: pdftex
*geometry* verbose mode - [ preamble ] result:
* driver: pdftex
* paper: a4paper
* layout: <same size as paper>
* layoutoffset:(h,v)=(0.0pt,0.0pt)
* modes: 
* h-part:(L,W,R)=(72.26999pt, 452.9679pt, 72.26999pt)
* v-part:(T,H,B)=(72.26999pt, 700.50687pt, 72.26999pt)
* \paperwidth=597.50787pt
* \paperheight=845.04684pt
* \textwidth=452.9679pt
* \textheight=700.50687pt
* \oddsidemargin=0.0pt
* \evensidemargin=0.0pt
* \topmargin=-37.0pt
* \headheight=12.0pt
* \headsep=25.0pt
* \topskip=12.0pt
* \footskip=30.0pt
* \marginparwidth=35.0pt
* \marginparsep=10.0pt
* \columnsep=10.0pt
* \skip\footins=10.8pt plus 4.0pt minus 2.0pt
* \hoffset=0.0pt
* \voffset=0.0pt
* \mag=1000
* \@twocolumnfalse
* \@twosidefalse
* \@mparswitchfalse
* \@reversemarginfalse
* (1in=72.27pt=25.4mm, 1cm=28.453pt)

(d:/dev/texlive/2025/texmf-dist/tex/context/base/mkii/supp-pdf.mkii
[Loading MPS to PDF converter (version 2006.09.02).]
\scratchcounter=\count475
\scratchdimen=\dimen261
\scratchbox=\box66
\nofMPsegments=\count476
\nofMParguments=\count477
\everyMPshowfont=\toks35
\MPscratchCnt=\count478
\MPscratchDim=\dimen262
\MPnumerator=\count479
\makeMPintoPDFobject=\count480
\everyMPtoPDFconversion=\toks36
) (d:/dev/texlive/2025/texmf-dist/tex/latex/epstopdf-pkg/epstopdf-base.sty
Package: epstopdf-base 2020-01-24 v2.11 Base part for package epstopdf
Package epstopdf-base Info: Redefining graphics rule for `.eps' on input line 4
85.

(d:/dev/texlive/2025/texmf-dist/tex/latex/latexconfig/epstopdf-sys.cfg
File: epstopdf-sys.cfg 2010/07/13 v1.3 Configuration of (r)epstopdf for TeX Liv
e
))
Package caption Info: Begin \AtBeginDocument code.
Package caption Info: hyperref package is loaded.
Package caption Info: End \AtBeginDocument code.
LaTeX Info: Redefining \microtypecontext on input line 104.
Package microtype Info: Applying patch `item' on input line 104.
Package microtype Info: Applying patch `toc' on input line 104.
Package microtype Info: Applying patch `eqnum' on input line 104.
Package microtype Info: Applying patch `footnote' on input line 104.
Package microtype Info: Applying patch `verbatim' on input line 104.
LaTeX Info: Redefining \microtypesetup on input line 104.
Package microtype Info: Generating PDF output.
Package microtype Info: Character protrusion enabled (level 2).
Package microtype Info: Using default protrusion set `alltext'.
Package microtype Info: Automatic font expansion enabled (level 2),
(microtype)             stretch: 20, shrink: 20, step: 1, non-selected.
Package microtype Info: Using default expansion set `alltext-nott'.
Package microtype Info: Patching command `\showhyphens'.
Package microtype Info: No adjustment of tracking.
Package microtype Info: No adjustment of interword spacing.
Package microtype Info: No adjustment of character kerning.

(d:/dev/texlive/2025/texmf-dist/tex/latex/microtype/mt-cmr.cfg
File: mt-cmr.cfg 2013/05/19 v2.2 microtype config. file: Computer Modern Roman 
(RS)
)
Package hyperref Info: Link coloring OFF on input line 104.
 (./main.out)
(./main.out)
\@outlinefile=\write4
\openout4 = `main.out'.

Package biblatex Info: Trying to load language 'english' -> 'english-apa'...
Package biblatex Info: ... file 'english-apa.lbx' found.

(d:/dev/texlive/2025/texmf-dist/tex/latex/biblatex-apa/english-apa.lbx
File: english-apa.lbx 2025/08/27 v9.20 APA biblatex localisation
Package biblatex Info: Trying to load language 'english'...
Package biblatex Info: ... file 'english.lbx' found.

(d:/dev/texlive/2025/texmf-dist/tex/latex/biblatex/lbx/english.lbx
File: english.lbx 2025/07/10 v3.21 biblatex localization (PK/MW)
)
Package biblatex Info: Trying to load language 'american' -> 'american-apa'...
Package biblatex Info: ... file 'american-apa.lbx' found.

(d:/dev/texlive/2025/texmf-dist/tex/latex/biblatex-apa/american-apa.lbx
File: american-apa.lbx 2025/08/27 v9.20 APA biblatex localisation
Package biblatex Info: Trying to load language 'american'...
Package biblatex Info: ... file 'american.lbx' found.

(d:/dev/texlive/2025/texmf-dist/tex/latex/biblatex/lbx/american.lbx
File: american.lbx 2025/07/10 v3.21 biblatex localization (PK/MW)
Package biblatex Info: Trying to load language 'english'...
Package biblatex Info: ... file 'english.lbx' found.

(d:/dev/texlive/2025/texmf-dist/tex/latex/biblatex/lbx/english.lbx
File: english.lbx 2025/07/10 v3.21 biblatex localization (PK/MW)
))))
Package biblatex Info: Input encoding 'utf8' detected.
Package biblatex Info: Automatic encoding selection.
(biblatex)             Assuming data encoding 'utf8'.
\openout3 = `main.bcf'.

Package biblatex Info: Trying to load bibliographic data...
Package biblatex Info: ... file 'main.bbl' found.

(./main.bbl)
Package biblatex Info: Reference section=0 on input line 104.
Package biblatex Info: Reference segment=0 on input line 104.
 (./sections/frontmatter.tex
LaTeX Font Info:    Trying to load font information for U+msa on input line 19.


(d:/dev/texlive/2025/texmf-dist/tex/latex/amsfonts/umsa.fd
File: umsa.fd 2013/01/14 v3.01 AMS symbols A
)
(d:/dev/texlive/2025/texmf-dist/tex/latex/microtype/mt-msa.cfg
File: mt-msa.cfg 2006/02/04 v1.1 microtype config. file: AMS symbols (a) (RS)
)
LaTeX Font Info:    Trying to load font information for U+msb on input line 19.


(d:/dev/texlive/2025/texmf-dist/tex/latex/amsfonts/umsb.fd
File: umsb.fd 2013/01/14 v3.01 AMS symbols B
)
(d:/dev/texlive/2025/texmf-dist/tex/latex/microtype/mt-msb.cfg
File: mt-msb.cfg 2005/06/01 v1.0 microtype config. file: AMS symbols (b) (RS)
) [1

{d:/dev/texlive/2025/texmf-var/fonts/map/pdftex/updmap/pdftex.map}{d:/dev/texli
ve/2025/texmf-dist/fonts/enc/dvips/cm-super/cm-super-t1.enc}]) (./main.toc [1])
\tf@toc=\write5
\openout5 = `main.toc'.

 [2]
(./sections/dataset_overview.tex) (./sections/dashboard_overview.tex
Package microtype Info: Loading generic protrusion settings for font family
(microtype)             `cmtt' (encoding: T1).
(microtype)             For optimal results, create family-specific settings.
(microtype)             See the microtype manual for details.
<figures/fig-page1-overview.png, id=282, 999.85545pt x 789.1884pt>
File: figures/fig-page1-overview.png Graphic file (type png)
<use figures/fig-page1-overview.png>
Package pdftex.def Info: figures/fig-page1-overview.png  used on input line 17.

(pdftex.def)             Requested size: 439.37941pt x 346.7984pt.
 [3])
(./sections/chapter1_intro_dataviz.tex) (./sections/chapter2_marks_channels.tex
[4 <./figures/fig-page1-overview.png>]
Underfull \hbox (badness 1062) in paragraph at lines 51--51
\T1/cmr/m/n/10.95 (+20) ma-trix, while weighted
 []


Underfull \hbox (badness 2799) in paragraph at lines 51--51
\T1/cmr/m/n/10.95 (+20) come group, phone
 []


Underfull \hbox (badness 1033) in paragraph at lines 51--51
[]|\T1/cmr/m/n/10.95 (+20) Bars; aligned length;
 []


Underfull \hbox (badness 1072) in paragraph at lines 51--51
\T1/cmr/m/n/10.95 (+20) cu-rate rate com-par-i-son
 []


Underfull \hbox (badness 5345) in paragraph at lines 51--51
\T1/cmr/m/n/10.95 (+20) across small mul-ti-ples
 []


Underfull \hbox (badness 10000) in paragraph at lines 51--51
\T1/cmr/m/n/10.95 (+20) com-po-si-tion
 []


Underfull \hbox (badness 10000) in paragraph at lines 51--51
[]|\T1/cmr/m/n/10.95 (+20) Location, ac-count
 []


Underfull \hbox (badness 2326) in paragraph at lines 51--51
\T1/cmr/m/n/10.95 (+20) state, weighted vol-
 []


Underfull \hbox (badness 2600) in paragraph at lines 51--51
\T1/cmr/m/n/10.95 (+20) bons; hor-i-zon-tal po-
 []


Underfull \hbox (badness 1297) in paragraph at lines 51--51
\T1/cmr/m/n/10.95 (+20) si-tion; rib-bon width;
 []


Underfull \hbox (badness 6268) in paragraph at lines 51--51
[]|\T1/cmr/m/n/10.95 (+20) The chart em-pha-sizes
 []


Underfull \hbox (badness 1097) in paragraph at lines 51--51
[]|\T1/cmr/m/n/10.95 (+20) Page 4 in-flow
 []


Underfull \hbox (badness 10000) in paragraph at lines 51--51
[]|\T1/cmr/m/n/10.95 (+20) Segmented bars;
 []


Underfull \hbox (badness 7631) in paragraph at lines 51--51
[]|\T1/cmr/m/n/10.95 (+20) A 100% stacked bar
 []


Underfull \hbox (badness 2119) in paragraph at lines 51--51
\T1/cmr/m/n/10.95 (+20) cul-ture, trans-fers, and
 []


Underfull \hbox (badness 2042) in paragraph at lines 51--51
\T1/cmr/m/n/10.95 (+20) bor-row tra-jec-
 []


Underfull \hbox (badness 1454) in paragraph at lines 51--51
[]|\T1/cmr/m/n/10.95 (+20) The line over-lays help
 []

[5{d:/dev/texlive/2025/texmf-dist/fonts/enc/dvips/cm-super/cm-super-ts1.enc}]
<figures/fig-page1-socioeconomic-matrix.png, id=317, 440.847pt x 327.02174pt>
File: figures/fig-page1-socioeconomic-matrix.png Graphic file (type png)
<use figures/fig-page1-socioeconomic-matrix.png>
Package pdftex.def Info: figures/fig-page1-socioeconomic-matrix.png  used on in
put line 58.
(pdftex.def)             Requested size: 326.13744pt x 241.92741pt.

[6]
<figures/fig-page2-mobile-ownership.png, id=326, 648.9846pt x 383.7537pt>
File: figures/fig-page2-mobile-ownership.png Graphic file (type png)
<use figures/fig-page2-mobile-ownership.png>
Package pdftex.def Info: figures/fig-page2-mobile-ownership.png  used on input 
line 62.
(pdftex.def)             Requested size: 371.43698pt x 219.63777pt.
<figures/fig-page3-account-flow.png, id=327, 436.87215pt x 270.65115pt>
File: figures/fig-page3-account-flow.png Graphic file (type png)
<use figures/fig-page3-account-flow.png>
Package pdftex.def Info: figures/fig-page3-account-flow.png  used on input line
 66.
(pdftex.def)             Requested size: 326.13744pt x 202.05865pt.
 [7 <./figures/fig-page1-socioeconomic-matrix.png> <./figures/fig-page2-mobile-
ownership.png>]
<figures/fig-page4-inflows.png, id=335, 937.3419pt x 292.6935pt>
File: figures/fig-page4-inflows.png Graphic file (type png)
<use figures/fig-page4-inflows.png>
Package pdftex.def Info: figures/fig-page4-inflows.png  used on input line 70.
(pdftex.def)             Requested size: 398.61395pt x 124.47124pt.
<figures/fig-page5-save-borrow-income-group.png, id=336, 502.2765pt x 260.172pt
>
File: figures/fig-page5-save-borrow-income-group.png Graphic file (type png)
<use figures/fig-page5-save-borrow-income-group.png>
Package pdftex.def Info: figures/fig-page5-save-borrow-income-group.png  used o
n input line 76.
(pdftex.def)             Requested size: 217.42265pt x 112.62207pt.
<figures/fig-page5-save-borrow-income-runway.png, id=337, 513.117pt x 289.08pt>

File: figures/fig-page5-save-borrow-income-runway.png Graphic file (type png)
<use figures/fig-page5-save-borrow-income-runway.png>
Package pdftex.def Info: figures/fig-page5-save-borrow-income-runway.png  used 
on input line 83.
(pdftex.def)             Requested size: 217.42265pt x 122.48904pt.
 [8 <./figures/fig-page3-account-flow.png> <./figures/fig-page4-inflows.png> <.
/figures/fig-page5-save-borrow-income-group.png> <./figures/fig-page5-save-borr
ow-income-runway.png>])
(./sections/chapter3_preattentive_gestalt.tex [9]
<figures/fig-page3-kpi-cards.png, id=364, 939.51pt x 82.3878pt>
File: figures/fig-page3-kpi-cards.png Graphic file (type png)
<use figures/fig-page3-kpi-cards.png>
Package pdftex.def Info: figures/fig-page3-kpi-cards.png  used on input line 30
.
(pdftex.def)             Requested size: 389.55266pt x 34.16011pt.
<figures/fig-page3-filter-bar.png, id=367, 906.9885pt x 78.41295pt>
File: figures/fig-page3-filter-bar.png Graphic file (type png)
<use figures/fig-page3-filter-bar.png>
Package pdftex.def Info: figures/fig-page3-filter-bar.png  used on input line 4
2.
(pdftex.def)             Requested size: 416.72963pt x 36.0285pt.
)
(./sections/chapter4_chart_types.tex [10 <./figures/fig-page3-kpi-cards.png> <.
/figures/fig-page3-filter-bar.png>]
<figures/fig-page4-cash-only-reasons.png, id=380, 310.0383pt x 322.68555pt>
File: figures/fig-page4-cash-only-reasons.png Graphic file (type png)
<use figures/fig-page4-cash-only-reasons.png>
Package pdftex.def Info: figures/fig-page4-cash-only-reasons.png  used on input
 line 22.
(pdftex.def)             Requested size: 253.6609pt x 264.013pt.
<figures/fig-page1-population-pyramid-age-gender.png, id=382, 448.074pt x 329.9
1255pt>
File: figures/fig-page1-population-pyramid-age-gender.png Graphic file (type pn
g)
<use figures/fig-page1-population-pyramid-age-gender.png>
Package pdftex.def Info: figures/fig-page1-population-pyramid-age-gender.png  u
sed on input line 31.
(pdftex.def)             Requested size: 280.83788pt x 206.77878pt.
 [11 <./figures/fig-page4-cash-only-reasons.png>] [12 <./figures/fig-page1-popu
lation-pyramid-age-gender.png>])
(./sections/chapter6_visual_integrity.tex
<figures/fig-page3-exclusion-friction-log.png, id=412, 521.42805pt x 513.117pt>

File: figures/fig-page3-exclusion-friction-log.png Graphic file (type png)
<use figures/fig-page3-exclusion-friction-log.png>
Package pdftex.def Info: figures/fig-page3-exclusion-friction-log.png  used on 
input line 41.
(pdftex.def)             Requested size: 353.31439pt x 347.69354pt.
 [13])
(./sections/chapter8_interaction_techniques.tex [14 <./figures/fig-page3-exclus
ion-friction-log.png>]
File: figures/fig-page3-filter-bar.png Graphic file (type png)
<use figures/fig-page3-filter-bar.png>
Package pdftex.def Info: figures/fig-page3-filter-bar.png  used on input line 3
3.
(pdftex.def)             Requested size: 416.72963pt x 36.0285pt.
<figures/fig-page3-account-landscape-overview.png, id=430, 999.85545pt x 789.18
84pt>
File: figures/fig-page3-account-landscape-overview.png Graphic file (type png)
<use figures/fig-page3-account-landscape-overview.png>
Package pdftex.def Info: figures/fig-page3-account-landscape-overview.png  used
 on input line 47.
(pdftex.def)             Requested size: 371.43698pt x 293.17525pt.
 [15]
<figures/fig-page3-subgroup-rural-female-poorest20.png, id=438, 773.13844pt x 5
78.91281pt>
File: figures/fig-page3-subgroup-rural-female-poorest20.png Graphic file (type 
png)
<use figures/fig-page3-subgroup-rural-female-poorest20.png>
Package pdftex.def Info: figures/fig-page3-subgroup-rural-female-poorest20.png 
 used on input line 51.
(pdftex.def)             Requested size: 398.61395pt x 298.47469pt.
 [16 <./figures/fig-page3-account-landscape-overview.png> <./figures/fig-page3-
subgroup-rural-female-poorest20.png>]
<figures/fig-page3-hover-tooltip.png, id=448, 697.8572pt x 438.13687pt>
File: figures/fig-page3-hover-tooltip.png Graphic file (type png)
<use figures/fig-page3-hover-tooltip.png>
Package pdftex.def Info: figures/fig-page3-hover-tooltip.png  used on input lin
e 87.
(pdftex.def)             Requested size: 326.13744pt x 204.76108pt.
 [17 <./figures/fig-page3-hover-tooltip.png>]) (./sections/chapter9_storytellin
g.tex [18]
<figures/fig-page2-connectivity-depth.png, id=469, 238.12965pt x 127.55655pt>
File: figures/fig-page2-connectivity-depth.png Graphic file (type png)
<use figures/fig-page2-connectivity-depth.png>
Package pdftex.def Info: figures/fig-page2-connectivity-depth.png  used on inpu
t line 79.
(pdftex.def)             Requested size: 140.41893pt x 75.21683pt.
<figures/fig-page2-digital-vs-foundational-id.png, id=470, 235.23885pt x 130.44
736pt>
File: figures/fig-page2-digital-vs-foundational-id.png Graphic file (type png)
<use figures/fig-page2-digital-vs-foundational-id.png>
Package pdftex.def Info: figures/fig-page2-digital-vs-foundational-id.png  used
 on input line 86.
(pdftex.def)             Requested size: 140.41893pt x 77.86693pt.
<figures/fig-page2-active-digital-id.png, id=471, 248.97015pt x 123.5817pt>
File: figures/fig-page2-active-digital-id.png Graphic file (type png)
<use figures/fig-page2-active-digital-id.png>
Package pdftex.def Info: figures/fig-page2-active-digital-id.png  used on input
 line 93.
(pdftex.def)             Requested size: 140.41893pt x 69.69931pt.
<figures/fig-page2-digital-activity-profile.png, id=472, 881.694pt x 278.2395pt
>
File: figures/fig-page2-digital-activity-profile.png Graphic file (type png)
<use figures/fig-page2-digital-activity-profile.png>
Package pdftex.def Info: figures/fig-page2-digital-activity-profile.png  used o
n input line 103.
(pdftex.def)             Requested size: 389.55266pt x 122.93097pt.

[19 <./figures/fig-page2-connectivity-depth.png> <./figures/fig-page2-digital-v
s-foundational-id.png> <./figures/fig-page2-active-digital-id.png> <./figures/f
ig-page2-digital-activity-profile.png>]
<figures/fig-page3-income-gender.png, id=486, 425.30894pt x 194.4063pt>
File: figures/fig-page3-income-gender.png Graphic file (type png)
<use figures/fig-page3-income-gender.png>
Package pdftex.def Info: figures/fig-page3-income-gender.png  used on input lin
e 133.
(pdftex.def)             Requested size: 371.43698pt x 169.79063pt.
 [20 <./figures/fig-page3-income-gender.png>]
<figures/fig-page4-digital-merchant-payments.png, id=500, 291.2481pt x 330.2739
pt>
File: figures/fig-page4-digital-merchant-payments.png Graphic file (type png)
<use figures/fig-page4-digital-merchant-payments.png>
Package pdftex.def Info: figures/fig-page4-digital-merchant-payments.png  used 
on input line 165.
(pdftex.def)             Requested size: 253.6609pt x 287.65848pt.
<figures/fig-page4-utility-payment-methods.png, id=502, 334.6101pt x 323.0469pt
>
File: figures/fig-page4-utility-payment-methods.png Graphic file (type png)
<use figures/fig-page4-utility-payment-methods.png>
Package pdftex.def Info: figures/fig-page4-utility-payment-methods.png  used on
 input line 171.
(pdftex.def)             Requested size: 244.59961pt x 236.15747pt.
 [21 <./figures/fig-page4-digital-merchant-payments.png>]
<figures/fig-page5-kpi-cards.png, id=514, 1184.425pt x 255.95625pt>
File: figures/fig-page5-kpi-cards.png Graphic file (type png)
<use figures/fig-page5-kpi-cards.png>
Package pdftex.def Info: figures/fig-page5-kpi-cards.png  used on input line 20
0.
(pdftex.def)             Requested size: 353.31439pt x 76.35004pt.
<figures/fig-page5-resilience-overview.png, id=515, 999.85545pt x 789.1884pt>
File: figures/fig-page5-resilience-overview.png Graphic file (type png)
<use figures/fig-page5-resilience-overview.png>
Package pdftex.def Info: figures/fig-page5-resilience-overview.png  used on inp
ut line 204.
(pdftex.def)             Requested size: 416.72963pt x 328.92804pt.
 [22 <./figures/fig-page4-utility-payment-methods.png> <./figures/fig-page5-kpi
-cards.png (PNG copy)>]
<figures/fig-page5-coping-income-group.png, id=524, 450.60345pt x 218.9781pt>
File: figures/fig-page5-coping-income-group.png Graphic file (type png)
<use figures/fig-page5-coping-income-group.png>
Package pdftex.def Info: figures/fig-page5-coping-income-group.png  used on inp
ut line 208.
(pdftex.def)             Requested size: 308.01485pt x 149.685pt.
 [23 <./figures/fig-page5-resilience-overview.png> <./figures/fig-page5-coping-
income-group.png>] [24]
<figures/fig-page5-filter-bar.png, id=548, 1194.4625pt x 220.825pt>
File: figures/fig-page5-filter-bar.png Graphic file (type png)
<use figures/fig-page5-filter-bar.png>
Package pdftex.def Info: figures/fig-page5-filter-bar.png  used on input line 3
12.
(pdftex.def)             Requested size: 389.55266pt x 72.0166pt.
) [25 <./figures/fig-page5-filter-bar.png (PNG copy)>] (./main.aux)
 ***********
LaTeX2e <2025-11-01>
L3 programming layer <2026-01-19>
 ***********
Package rerunfilecheck Info: File `main.out' has not changed.
(rerunfilecheck)             Checksum: 7BB870ED4199A58A229A792D146E4AB1;12932.
Package logreq Info: Writing requests to 'main.run.xml'.
\openout1 = `main.run.xml'.

 ) 
Here is how much of TeX's memory you used:
 25374 strings out of 467533
 449654 string characters out of 5421584
 1443207 words of memory out of 5000000
 53607 multiletter control sequences out of 15000+600000
 650235 words of font info for 182 fonts, out of 8000000 for 9000
 1141 hyphenation exceptions out of 8191
 75i,12n,79p,1246b,5052s stack positions out of 10000i,1000n,20000p,200000b,200000s
<d:/dev/texlive/2025/texmf-dist/fonts/type1/public/amsfonts/cm/cmmi12.pfb><d:
/dev/texlive/2025/texmf-dist/fonts/type1/public/amsfonts/cm/cmr12.pfb><d:/dev/t
exlive/2025/texmf-dist/fonts/type1/public/amsfonts/cm/cmsy10.pfb><d:/dev/texliv
e/2025/texmf-dist/fonts/type1/public/cm-super/sfbx1095.pfb><d:/dev/texlive/2025
/texmf-dist/fonts/type1/public/cm-super/sfbx1200.pfb><d:/dev/texlive/2025/texmf
-dist/fonts/type1/public/cm-super/sfbx1440.pfb><d:/dev/texlive/2025/texmf-dist/
fonts/type1/public/cm-super/sfbx1728.pfb><d:/dev/texlive/2025/texmf-dist/fonts/
type1/public/cm-super/sfbx2488.pfb><d:/dev/texlive/2025/texmf-dist/fonts/type1/
public/cm-super/sfrm1095.pfb><d:/dev/texlive/2025/texmf-dist/fonts/type1/public
/cm-super/sfrm1200.pfb><d:/dev/texlive/2025/texmf-dist/fonts/type1/public/cm-su
per/sfrm1728.pfb><d:/dev/texlive/2025/texmf-dist/fonts/type1/public/cm-super/sf
ti1095.pfb><d:/dev/texlive/2025/texmf-dist/fonts/type1/public/cm-super/sfti1200
.pfb><d:/dev/texlive/2025/texmf-dist/fonts/type1/public/cm-super/sftt1200.pfb>
Output written on main.pdf (26 pages, 1865776 bytes).
PDF statistics:
 646 PDF objects out of 1000 (max. 8388607)
 539 compressed objects within 6 object streams
 107 named destinations out of 1000 (max. 500000)
 35867 words of extra memory for PDF output out of 42996 (max. 10000000)

